// Jest Snapshot v1, https://goo.gl/fbAQLP

exports[`perf supports store.map 1`] = `
"☄ mapTest.map Warning: Initial

☄ 1 → *.subscribe Warning: Initial

☄ mapTest.map

☄ 1 → *.subscribe

☄ mapTest.map

☄ 1 → *.subscribe
"
`;

exports[`perf supports store.subscribe 1`] = `
"☄ subscribeTest.subscribe Warning: Initial

☄ subscribeTest.subscribe

☄ subscribeTest.subscribe
"
`;

exports[`perf supports throwing error in store.subscribe 1`] = `
"☄ subscribeErrorTest.subscribe Warning: Got initial error

☄ subscribeErrorTest.subscribe Warning: Got error

☄ subscribeErrorTest.subscribe Warning: Got error
"
`;

exports[`perf supports throwing error store.map 1`] = `
"☄ mapErrorTest.map Warning: Got initial error

☄ 3 → *.subscribe Warning: Initial

☄ mapErrorTest.map Warning: Got error

☄ mapErrorTest.map Warning: Got error
"
`;
