// Jest Snapshot v1, https://goo.gl/fbAQLP

exports[`createStoreComponent attempt 1`] = `"Current state: foo"`;

exports[`createStoreComponent attempt 2`] = `"Current state: bar"`;

exports[`no dull re-renders 1`] = `"Current state: 0,1,2"`;

exports[`no dull re-renders 2`] = `"Current state: 0,1,2,3"`;

exports[`no dull re-renders 3`] = `"Current state: 0,1,2"`;
